# Generated by Home Manager.

[Test1]
enable-folders-sort = true
folders = INBOX,SENT,JUNK
source = maildir:///dev/null

[Test2]
pgp-key-id = 42

[primary]
from = Foo Bar <addr@mail.invalid>
source = imap://foobar@imap.host.invalid:1337

[a_imap-nopasscmd-tls-starttls-folders]
copy-to = aercSent
default = aercInbox
from = Foo Bar <addr@mail.invalid>
postpone = aercDrafts
source = imap://foobar@imap.host.invalid:1337

[b_imap-passcmd-tls-nostarttls-extraAccounts]
connection-timeout = 42s
from = Foo Bar <addr@mail.invalid>
source = imaps://foobar@imap.host.invalid:1337
source-cred-cmd = echo PaSsWorD!

[c_imap-passcmd-notls-nostarttls-extraConfig]
from = Foo Bar <addr@mail.invalid>
source = imap+insecure://foobar@imap.host.invalid:1337
source-cred-cmd = echo PaSsWorD!

[d_imap-passcmd-notls-starttls-extraBinds]
from = Foo Bar <addr@mail.invalid>
source = imap+insecure://foobar@imap.host.invalid:1337
source-cred-cmd = echo PaSsWorD!

[e_smtp-nopasscmd-tls-starttls]
from = Foo Bar <addr@mail.invalid>
outgoing = smtp+plain://foobar@smtp.host.invalid:42

[f_smtp-passcmd-tls-nostarttls]
from = Foo Bar <addr@mail.invalid>
outgoing = smtps+plain://foobar@smtp.host.invalid:42
outgoing-cred-cmd = echo PaSsWorD!

[g_smtp-passcmd-notls-nostarttls]
from = Foo Bar <addr@mail.invalid>
outgoing = smtp+insecure+plain://foobar@smtp.host.invalid:42
outgoing-cred-cmd = echo PaSsWorD!

[h_smtp-passcmd-notls-starttls]
from = Foo Bar <addr@mail.invalid>
outgoing = smtp+insecure+plain://foobar@smtp.host.invalid:42
outgoing-cred-cmd = echo PaSsWorD!

[i1_maildir-mbsync]
from = Foo Bar <addr@mail.invalid>
source = maildir:///home/hm-user/Maildir/i1_maildir-mbsync

[i2_maildirpp-mbsync]
from = Foo Bar <addr@mail.invalid>
source = maildirpp:///home/hm-user/Maildir/i2_maildirpp-mbsync/Inbox

[i3_maildir_flatten-mbsync]
from = Foo Bar <addr@mail.invalid>
source = maildir:///home/hm-user/Maildir/i3_maildir_flatten-mbsync

[j_maildir-offlineimap]
from = Foo Bar <addr@mail.invalid>
source = maildir:///home/hm-user/Maildir/j_maildir-offlineimap

[l_smtp-auth-none]
from = Foo Bar <addr@mail.invalid>
outgoing = smtps+none://foobar@smtp.host.invalid:42

[m_smtp-auth-plain]
from = Foo Bar <addr@mail.invalid>
outgoing = smtps+plain://foobar@smtp.host.invalid:42

[n_smtp-auth-login]
from = Foo Bar <addr@mail.invalid>
outgoing = smtps+login://foobar@smtp.host.invalid:42

[o_msmtp]
from = Foo Bar <addr@mail.invalid>
outgoing = msmtpq --read-envelope-from --read-recipients

[p_overwrite_defaults]
from = test <test@email.invalid>
outgoing = imap+plain://intentionallyWrong:PaSsWorD@smtp.host.invalid:1337
postpone = dRaFts
source = smtp+plain://intentionallyWrong:PaSsWorD@smtp.host.invalid:1337

[q_signature_text]
from = Foo Bar <addr@mail.invalid>
signature-file = /nix/store/00000000000000000000000000000000-aerc-signature.txt

[r_signature_command]
from = Foo Bar <addr@mail.invalid>
signature-cmd = /nix/store/00000000000000000000000000000000-aerc-signature.sh
