# Generated by Home Manager.

[basic]
copy-to = Sent
default = Inbox
from = Annie X. Hacker <anniex@mail.invalid>
outgoing = smtp+xoauth2://anniex@smtp.office365.com:587?client_id=9e5f94bc-e8a4-4e73-b8be-63364c29d753&token_endpoint=https%3A%2F%2Flogin.microsoftonline.com%2Fcommon%2Foauth2%2Fv2.0%2Ftoken
postpone = Drafts
source = imaps+xoauth2://anniex@outlook.office365.com:993?client_id=9e5f94bc-e8a4-4e73-b8be-63364c29d753&token_endpoint=https%3A%2F%2Flogin.microsoftonline.com%2Fcommon%2Foauth2%2Fv2.0%2Ftoken
