#!/nix/store/00000000000000000000000000000000-bash/bin/bash
printf '%s\n' "~~~"
/nix/store/00000000000000000000000000000000-user-signature.sh
