# Generated by Home Manager.

*.default = true
*.selected.reverse = toggle
*error.bold = true
error.fg = red
header.bold = true
title.reverse = true

[ui]
tab.selected.reverse = toggle
