vim.cmd [[source /nix/store/00000000000000000000000000000000-nvim-init-home-manager.vim]]
function HM_PLUGIN_LUA_CONFIG ()
end
